MPLINK 4.31, Linker
Linker Map File - Created Sat Oct 28 01:52:36 2017

                                 Section Info
                  Section       Type    Address   Location Size(Bytes)
                ---------  ---------  ---------  ---------  ---------
                   .org_0       code   0x000000    program   0x000000
                   .org_1       code   0x000000    program   0x000002
                   .org_2       code   0x000004    program   0x0000d4
  .config_2007_ASCENSOR.O       code   0x002007    program   0x000002



                              Program Memory Usage 
                               Start         End      
                           ---------   ---------      
                            0x000000    0x000000      
                            0x000004    0x00006d      
                            0x002007    0x002007      
            108 out of 2183 program addresses used, program memory utilization is 4%



                              Symbols - Sorted by Name
                     Name    Address   Location    Storage File                     
                ---------  ---------  ---------  --------- ---------                
                    BUCLE   0x000065    program     static C:\Users\Ruso-Note\Google Drive\UNLa\1°er Año\Arquitectura de computadoras\TP\Ascensor\Ascensor.asm
              DEMORA_20ms   0x000063    program     static C:\Users\Ruso-Note\Google Drive\UNLa\1°er Año\Arquitectura de computadoras\TP\Ascensor\Ascensor.asm
                DIRECCION   0x000058    program     static C:\Users\Ruso-Note\Google Drive\UNLa\1°er Año\Arquitectura de computadoras\TP\Ascensor\Ascensor.asm
               HACIA_1ERO   0x000036    program     static C:\Users\Ruso-Note\Google Drive\UNLa\1°er Año\Arquitectura de computadoras\TP\Ascensor\Ascensor.asm
                HACIA_2DO   0x000048    program     static C:\Users\Ruso-Note\Google Drive\UNLa\1°er Año\Arquitectura de computadoras\TP\Ascensor\Ascensor.asm
                 HACIA_PB   0x000026    program     static C:\Users\Ruso-Note\Google Drive\UNLa\1°er Año\Arquitectura de computadoras\TP\Ascensor\Ascensor.asm
               INICIAL_PB   0x00002b    program     static C:\Users\Ruso-Note\Google Drive\UNLa\1°er Año\Arquitectura de computadoras\TP\Ascensor\Ascensor.asm
                   INICIO   0x000004    program     static C:\Users\Ruso-Note\Google Drive\UNLa\1°er Año\Arquitectura de computadoras\TP\Ascensor\Ascensor.asm
                   PARADA   0x00001d    program     static C:\Users\Ruso-Note\Google Drive\UNLa\1°er Año\Arquitectura de computadoras\TP\Ascensor\Ascensor.asm
                 PROGRAMA   0x000014    program     static C:\Users\Ruso-Note\Google Drive\UNLa\1°er Año\Arquitectura de computadoras\TP\Ascensor\Ascensor.asm



                              Symbols - Sorted by Address
                     Name    Address   Location    Storage File                     
                ---------  ---------  ---------  --------- ---------                
                   INICIO   0x000004    program     static C:\Users\Ruso-Note\Google Drive\UNLa\1°er Año\Arquitectura de computadoras\TP\Ascensor\Ascensor.asm
                 PROGRAMA   0x000014    program     static C:\Users\Ruso-Note\Google Drive\UNLa\1°er Año\Arquitectura de computadoras\TP\Ascensor\Ascensor.asm
                   PARADA   0x00001d    program     static C:\Users\Ruso-Note\Google Drive\UNLa\1°er Año\Arquitectura de computadoras\TP\Ascensor\Ascensor.asm
                 HACIA_PB   0x000026    program     static C:\Users\Ruso-Note\Google Drive\UNLa\1°er Año\Arquitectura de computadoras\TP\Ascensor\Ascensor.asm
               INICIAL_PB   0x00002b    program     static C:\Users\Ruso-Note\Google Drive\UNLa\1°er Año\Arquitectura de computadoras\TP\Ascensor\Ascensor.asm
               HACIA_1ERO   0x000036    program     static C:\Users\Ruso-Note\Google Drive\UNLa\1°er Año\Arquitectura de computadoras\TP\Ascensor\Ascensor.asm
                HACIA_2DO   0x000048    program     static C:\Users\Ruso-Note\Google Drive\UNLa\1°er Año\Arquitectura de computadoras\TP\Ascensor\Ascensor.asm
                DIRECCION   0x000058    program     static C:\Users\Ruso-Note\Google Drive\UNLa\1°er Año\Arquitectura de computadoras\TP\Ascensor\Ascensor.asm
              DEMORA_20ms   0x000063    program     static C:\Users\Ruso-Note\Google Drive\UNLa\1°er Año\Arquitectura de computadoras\TP\Ascensor\Ascensor.asm
                    BUCLE   0x000065    program     static C:\Users\Ruso-Note\Google Drive\UNLa\1°er Año\Arquitectura de computadoras\TP\Ascensor\Ascensor.asm


